error: Not all fields were annotated with the #[cryptonamo(compound)] attribute. Missing fields: email
 --> tests/ui/compound-index-missing-field.rs:3:10
  |
3 | #[derive(Cryptonamo)]
  |          ^^^^^^^^^^
  |
  = note: this error originates in the derive macro `Cryptonamo` (in Nightly builds, run with -Z macro-backtrace for more info)
