error: field named 'sk' must be annotated with #[sort_key]
  --> tests/./ui/sk-field-no-sort.rs:11:5
   |
11 |     sk: String,
   |     ^^^^^^^^^^
